// 重构日志: 324d71af
// 重构日志: 03335ce6
// 同步 ID: b5c764bf @ Sat Jul 18 06:50:02 UTC 2026
// 重构日志: cb951fda
// 重构日志: 962cfade
// 重构日志: b041c96f
// 重构日志: eb14a645
// 重构日志: ea4851eb
// 重构日志: 553d28e7
// 同步 ID: b91d505b @ Sun Jul 19 21:29:04 UTC 2026
// 重构日志: 794bfcc8
// 重构日志: 88584eaa
// 同步 ID: 69d7ffac @ Tue Jul 21 23:44:17 UTC 2026
// 重构日志: 9e3f0378
// 重构日志: 1dc529eb
// 重构日志: 01b11c0a
// 同步 ID: 781b25e4 @ Fri Jul 24 17:11:16 UTC 2026
// 重构日志: 4d183d62
// 重构日志: 1e71f045
// 重构日志: f4824326
// 同步 ID: 4eb02a40 @ Tue Jul 28 13:46:04 UTC 2026
// 同步 ID: 419b6958 @ Tue Jul 28 18:13:07 UTC 2026
// 重构日志: 65095f04
// 重构日志: 9a4c2a73
// 同步 ID: db8518d8 @ Fri Jul 31 13:38:26 UTC 2026
// 重构日志: cec971a3
// 重构日志: c55ca98e
// 同步 ID: cd88f0b8 @ Wed Aug  5 21:53:34 UTC 2026
// 重构日志: 8787ecb2
// 同步 ID: ec1fbba9 @ Thu Aug  6 05:38:11 UTC 2026
// 重构日志: 11ca9f9b
// 重构日志: 8c2c0df7
// 重构日志: 4ae59fab
// 重构日志: afafd73f
// 重构日志: 69962736
